
> remcode@0.1.0 build
> tsc

src/analyzers/quality/eslint-analyzer.ts(28,11): error TS2353: Object literal may only specify known properties, and 'parser' does not exist in type 'Config<RulesRecord> | Config<RulesRecord>[]'.
src/commands/analyze.ts(208,52): error TS2345: Argument of type 'unknown' is not assignable to parameter of type 'Error | undefined'.
src/commands/update.ts(235,71): error TS2345: Argument of type 'unknown' is not assignable to parameter of type 'Record<string, any> | undefined'.
src/commands/update.ts(282,60): error TS2345: Argument of type 'unknown' is not assignable to parameter of type 'Record<string, any> | undefined'.
src/commands/vectorize.ts(40,43): error TS2339: Property 'localPath' does not exist on type 'ResolvedSource'.
src/commands/vectorize.ts(52,66): error TS2339: Property 'token' does not exist on type '{ model: string; fallbackModel: string; batchSize: number; }'.
src/commands/vectorize.ts(90,39): error TS2339: Property 'processDirectory' does not exist on type 'VectorizationPipeline'.
src/commands/vectorize.ts(105,37): error TS7006: Parameter 'error' implicitly has an 'any' type.
src/commands/vectorize.ts(112,33): error TS7006: Parameter 'error' implicitly has an 'any' type.
src/utils/source.ts(70,34): error TS2345: Argument of type 'ParsedSource' is not assignable to parameter of type 'string'.
src/utils/source.ts(72,33): error TS2345: Argument of type 'string | undefined' is not assignable to parameter of type 'string'.
  Type 'undefined' is not assignable to type 'string'.
src/utils/source.ts(247,3): error TS2322: Type 'boolean' is not assignable to type 'ParsedSource'.
